V3 3
FL "C:/Users/Labing/Desktop/Nueva carpeta/Estados/states.vhd" 2016/11/09.09:59:05 M.53d
EN work/states 0 FL "C:/Users/Labing/Desktop/Nueva carpeta/Estados/states.vhd" \
      PB ieee/std_logic_1164 1270894585
AR work/states/funcional 0 \
      FL "C:/Users/Labing/Desktop/Nueva carpeta/Estados/states.vhd" \
      EN work/states 0
